Database Service (Tests\Unit\DatabaseService)
 [x] Example
 [x] Exists all tables with data set "services tábla"
 [x] Exists all tables with data set "users tábla"
 [x] Exists all tables with data set "orders tábla"
 [x] Exists all tables with data set "order_services tábla"
 [x] Exists all tables with data set "locations tábla"
 [x] Exists all tables with data set "service_types"
 [x] Exists all tables with data set "locations_pictures"
 [x] Exists all tables with data set "pictures"

Event Api (Tests\Feature\EventApi)
 [x] Example

Example (Tests\Feature\Example)
 [x] The application returns a successful response
 [x] User login logout

Example (Tests\Unit\Example)
 [x] Location data integrity
 [x] Order belongs to user
 [x] Service type mapping
 [x] Pictures collection

Location (Tests\Unit\Location)
 [x] Exists locations table
 [x] Does the locations table contain all fields with data set "id"
 [x] Does the locations table contain all fields with data set "cityName"
 [x] Does the locations table contain all fields with data set "zipCode"
 [x] Does the locations table contain all fields with data set "street"
 [x] Does the locations table contain all fields with data set "houseNumber"
 [x] Does the locations table contain all fields with data set "locationName"
 [x] Does the locations table contain all fields with data set "maxCapacity"
 [x] Does the locations table contain all fields with data set "minCapacity"
 [x] Does the locations table contain all fields with data set "priceSlashPerson"
 [x] Does the locations table contain all fields with data set "roomPriceSlashDay"
 [x] The locations table columns have the expected types with data set "id"
 [x] The locations table columns have the expected types with data set "cityName"
 [x] The locations table columns have the expected types with data set "zipCode"
 [x] The locations table columns have the expected types with data set "street"
 [x] The locations table columns have the expected types with data set "houseNumber"
 [x] The locations table columns have the expected types with data set "locationName"
 [x] The locations table columns have the expected types with data set "maxCapacity"
 [x] The locations table columns have the expected types with data set "minCapacity"
 [x] The locations table columns have the expected types with data set "priceSlashPerson"
 [x] The locations table columns have the expected types with data set "roomPriceSlashDay"

Location Picture (Tests\Unit\LocationPicture)
 [x] Exists locations pictures table
 [x] Does the locations pictures table contain all fields with data set "id"
 [x] Does the locations pictures table contain all fields with data set "pictureId"
 [x] Does the locations pictures table contain all fields with data set "locationId"
 [x] The locations pictures table columns have the expected types with data set "id"
 [x] The locations pictures table columns have the expected types with data set "pictureId"
 [x] The locations pictures table columns have the expected types with data set "locationId"

Order (Tests\Unit\Order)
 [x] Exists orders table
 [x] Does the orders table contain all fields with data set "id"
 [x] Does the orders table contain all fields with data set "userId"
 [x] Does the orders table contain all fields with data set "locationId"
 [x] Does the orders table contain all fields with data set "howManyPeople"
 [x] Does the orders table contain all fields with data set "howManyDays"
 [x] Does the orders table contain all fields with data set "orderTime"
 [x] The orders table columns have the expected types with data set "id"
 [x] The orders table columns have the expected types with data set "userId"
 [x] The orders table columns have the expected types with data set "locationId"
 [x] The orders table columns have the expected types with data set "howManyPeople"
 [x] The orders table columns have the expected types with data set "howManyDays"
 [x] The orders table columns have the expected types with data set "orderTime"

Order Service (Tests\Unit\OrderService)
 [x] Exists order services table
 [x] Does the order services table contain all fields with data set "id"
 [x] Does the order services table contain all fields with data set "orderId"
 [x] Does the order services table contain all fields with data set "serviceId"
 [x] The order services table columns have the expected types with data set "id"
 [x] The order services table columns have the expected types with data set "orderId"
 [x] The order services table columns have the expected types with data set "serviceId"

Picture (Tests\Unit\Picture)
 [x] Exists pictures table
 [x] Does the pictures table contain all fields with data set "id"
 [x] Does the pictures table contain all fields with data set "pictureName"
 [x] Does the pictures table contain all fields with data set "serviceId"
 [x] The pictures table columns have the expected types with data set "id"
 [x] The pictures table columns have the expected types with data set "pictureName"
 [x] The pictures table columns have the expected types with data set "serviceId"

Ping (Tests\Feature\Ping)
 [x] Table user login get logout with data set "get users admin: 200"
 [x] Table user login get logout with data set "get locations admin: 200"
 [x] Table user login get logout with data set "get services admin: 200"
 [x] Table user login get logout with data set "get orders admin: 200"
 [x] Table user login get logout with data set "get users booker: 403"
 [x] Table user login get logout with data set "get locations booker: 200"
 [x] Table user login post delete logout with data set "post-delete locations admin"
 [x] Table user login post delete logout with data set "post-delete services admin"
 [x] Table user login post delete logout with data set "post-delete service_types admin"
 [x] Table user login post delete logout with data set "post-delete orders booker"
 [x] Table user login post delete logout with data set "post-delete locations booker"

Service (Tests\Unit\Service)
 [x] Exists services table
 [x] Does the services table contain all fields with data set "id"
 [x] Does the services table contain all fields with data set "service"
 [x] Does the services table contain all fields with data set "serviceTypeId"
 [x] Does the services table contain all fields with data set "price"
 [x] The services table columns have the expected types with data set "id"
 [x] The services table columns have the expected types with data set "service"
 [x] The services table columns have the expected types with data set "serviceTypeId"
 [x] The services table columns have the expected types with data set "price"

Service Type (Tests\Unit\ServiceType)
 [x] Exists service types table
 [x] Does the service types table contain all fields with data set "id"
 [x] Does the service types table contain all fields with data set "serviceTypeName"
 [x] The service types table columns have the expected types with data set "id"
 [x] The service types table columns have the expected types with data set "serviceTypeName"

User (Tests\Feature\User)
 [x] Example

User (Tests\Unit\User)
 [x] Exists users table
 [x] Does the user table contain all fields
 [x] The user table columns have the expected types
 [x] Check if users getting fetched with id
 [x] Users table record number
 [x] Does the user exist
 [x] A given password matches the users hashed password

